// Jest Snapshot v1, https://goo.gl/fbAQLP

exports[`card component renders the UI as expected 1`] = `
<div
  className="Card"
>
  <button>
    delete
  </button>
  <h3>
    Hello
  </h3>
  <p>
    lorem ipsum
  </p>
</div>
`;

exports[`card component renders the UI as expected with no unreads 1`] = `
<div
  className="Card"
>
  <button>
    delete
  </button>
  <h3>
    Hello
  </h3>
  <p>
    lorem ipsum
  </p>
</div>
`;
